// Jest Snapshot v1, https://goo.gl/fbAQLP

exports[`works 1`] = `
.c0 {
  border: 1px solid;
  border-radius: 0;
  margin: auto;
  padding: 0.7em 2em;
  font-size: 0.9em;
  text-transform: uppercase;
  font-weight: bold;
  cursor: pointer;
  width: 100%;
  -webkit-letter-spacing: inherit;
  -moz-letter-spacing: inherit;
  -ms-letter-spacing: inherit;
  letter-spacing: inherit;
}

<button
  class="c0"
/>
`;
