// Jest Snapshot v1, https://goo.gl/fbAQLP

exports[`works 1`] = `
.c0 {
  height: 100%;
  margin: 0 0 4%;
  border: 2px dashed;
  text-align: left;
  padding: 0 4%;
}

.c0 p {
  font-size: 1rem;
  line-height: 1.2;
}

.c0 .event-title {
  font-size: 1.2rem;
  text-transform: uppercase;
  font-family: sans-serif;
}

.c0 .event-title a {
  -webkit-text-decoration: underline;
  text-decoration: underline;
}

.c0 .event-title span {
  font-weight: bold;
}

.c0 .event-cat {
  font-size: 0.9rem;
}

@media (max-width:480px) {
  .c0 span {
    display: none;
  }
}

<div
  class="c0"
/>
`;
