// Jest Snapshot v1, https://goo.gl/fbAQLP

exports[`works 1`] = `
.c0 {
  border: none;
  border-bottom: 1px solid;
  display: block;
  height: 2rem;
  width: 100%;
  margin: 0 0 1em;
  box-sizing: border-box;
  -webkit-transition: border-color 0.5s ease;
  transition: border-color 0.5s ease;
}

.c0:focus {
  outline: none;
}

<input
  class="c0"
  type="text"
/>
`;
